13:44:03 **** Auto Build of configuration Debug for project HRIF_2010_bsp_xqspips_g128_flash_example_1 ****
make all 
'Building file: ../src/xqspips_g128_flash_example.c'
'Invoking: ARM gcc compiler'
arm-xilinx-eabi-gcc -Wall -O0 -g3 -c -fmessage-length=0 -MT"src/xqspips_g128_flash_example.o" -I../../HRIF_2010_bsp/ps7_cortexa9_0/include -MMD -MP -MF"src/xqspips_g128_flash_example.d" -MT"src/xqspips_g128_flash_example.d" -o "src/xqspips_g128_flash_example.o" "../src/xqspips_g128_flash_example.c"
'Finished building: ../src/xqspips_g128_flash_example.c'
' '
'Building target: HRIF_2010_bsp_xqspips_g128_flash_example_1.elf'
'Invoking: ARM gcc linker'
arm-xilinx-eabi-gcc -Wl,-T -Wl,../src/lscript.ld -L../../HRIF_2010_bsp/ps7_cortexa9_0/lib -o "HRIF_2010_bsp_xqspips_g128_flash_example_1.elf"  ./src/xqspips_g128_flash_example.o   -Wl,--start-group,-lxil,-lfreertos,-lgcc,-lc,--end-group -Wl,--start-group,-lxil,-llwip4,-lgcc,-lc,--end-group
'Finished building target: HRIF_2010_bsp_xqspips_g128_flash_example_1.elf'
' '
'Invoking: ARM Print Size'
arm-xilinx-eabi-size HRIF_2010_bsp_xqspips_g128_flash_example_1.elf  |tee "HRIF_2010_bsp_xqspips_g128_flash_example_1.elf.size"
   text	   data	    bss	    dec	    hex	filename
  87056	   4072	 154348	 245476	  3bee4	HRIF_2010_bsp_xqspips_g128_flash_example_1.elf
'Finished building: HRIF_2010_bsp_xqspips_g128_flash_example_1.elf.size'
' '

13:44:07 Build Finished (took 4s.155ms)

