17:51:47 **** Auto Build of configuration Debug for project Reference ****
make all 
'Building file: ../src/User_j/System/System_State/system_state.c'
'Invoking: ARM gcc compiler'
arm-xilinx-eabi-gcc -Wall -O0 -g3 -I"E:\Benchmaking_DI\Software\Reference\src\Peripherals\Include" -I"E:\Benchmaking_DI\Software\Reference\src\User_j\Include\Device\Emio" -I"E:\Benchmaking_DI\Software\Reference\src\User_j\Include\Device\Ethernet" -I"E:\Benchmaking_DI\Software\Reference\src\User_j\Include\Main" -I"E:\Benchmaking_DI\Software\Reference\src\User_j\Include\Device\QSPI" -I"E:\Benchmaking_DI\Software\Reference\src\User_j\Include\Device\Spiflash" -I"E:\Benchmaking_DI\Software\Reference\src\User_j\Include\Error_Handler" -I"E:\Benchmaking_DI\Software\Reference\src\User_j\Include\Others" -I"E:\Benchmaking_DI\Software\Reference\src\User_j\Include\System_State" -I"E:\Benchmaking_DI\Software\Reference\src\User_y\Include" -I"E:\Benchmaking_DI\Software\Reference_bsp\ps7_cortexa9_0\include" -I"E:\Benchmaking_DI\Software\Reference\src" -c -fmessage-length=0 -MT"src/User_j/System/System_State/system_state.o" -MMD -MP -MF"src/User_j/System/System_State/system_state.d" -MT"src/User_j/System/System_State/system_state.d" -o "src/User_j/System/System_State/system_state.o" "../src/User_j/System/System_State/system_state.c"
'Finished building: ../src/User_j/System/System_State/system_state.c'
' '
'Building target: Reference.elf'
'Invoking: ARM gcc linker'
arm-xilinx-eabi-gcc -Wl,-T -Wl,../src/lscript.ld -L../../Reference_bsp/ps7_cortexa9_0/lib -o "Reference.elf"  ./src/User_y/Version/Hw_Ver.o  ./src/User_y/Storage/eeprom.o  ./src/User_y/Max9972/Max528.o ./src/User_y/Max9972/Max9972.o  ./src/User_y/IO/IO.o  ./src/User_y/Dps/Cpld.o ./src/User_y/Dps/Dpm.o ./src/User_y/Dps/Dps.o ./src/User_y/Dps/SMBus.o  ./src/User_y/Dev_Ctl/Driver.o ./src/User_y/Dev_Ctl/Reserve.o ./src/User_y/Dev_Ctl/SystemInfo.o ./src/User_y/Dev_Ctl/fpga.o  ./src/User_y/ADS8688/Ads8688.o  ./src/User_j/System/System_State/system_state.o  ./src/User_j/System/Main/main.o  ./src/User_j/System/Error_Handler/error_handler.o  ./src/User_j/System/Device/Spiflash/w25q256.o  ./src/User_j/System/Device/QSPI/QSPI_Device/mt25ql512.o  ./src/User_j/System/Device/QSPI/QSPI_BUS/qspi_bus.o  ./src/User_j/System/Device/Ethernet/Verify/verify.o  ./src/User_j/System/Device/Ethernet/Tcp/tcp_server.o  ./src/User_j/System/Device/Ethernet/Operation/operation.o  ./src/User_j/System/Device/Ethernet/App_Layer_Protocol/app_layer_protocol.o  ./src/User_j/System/Device/Ethernet/Ack/ack.o  ./src/User_j/System/Device/Emio/system_emio.o  ./src/Peripherals/Uartps/Uart1.o  ./src/Peripherals/Timer/Timer.o  ./src/Peripherals/Spi/Spi.o  ./src/Peripherals/Interrupt/Interrupt.o  ./src/Peripherals/IIC/IIC.o  ./src/Peripherals/Gpio/Gpio.o  ./src/Peripherals/Assist/Debug.o ./src/Peripherals/Assist/DebugList.o ./src/Peripherals/Assist/Error.o  ./src/GlobalRef.o   -Wl,--start-group,-lxil,-lfreertos,-lgcc,-lc,--end-group -Wl,--start-group,-lxil,-llwip4,-lgcc,-lc,--end-group
'Finished building target: Reference.elf'
' '
'Invoking: ARM Print Size'
arm-xilinx-eabi-size Reference.elf  |tee "Reference.elf.size"
   text	   data	    bss	    dec	    hex	filename
 257064	   4568	38836528	39098160	2549730	Reference.elf
'Finished building: Reference.elf.size'
' '

17:51:53 Build Finished (took 5s.348ms)

